// Jest Snapshot v1, https://goo.gl/fbAQLP

exports[`expect to render SearchBox component 1`] = `
<div>
  <input
    aria-label="Search Robots"
    className="search-field"
    onChange={[Function]}
    placeholder="search robots"
    type="search"
  />
</div>
`;
